#-----------------------------------------------------------
# Vivado v2021.2 (64-bit)
# SW Build 3367213 on Tue Oct 19 02:48:09 MDT 2021
# IP Build 3369179 on Thu Oct 21 08:25:16 MDT 2021
# Start of session at: Sun Sep 10 21:37:26 2023
# Process ID: 33136
# Current directory: C:/Users/john_westbrook1/OneDrive - Baylor University/Engineering/System on Chip/Vivado/ClassReport1/ClassReport1.runs/synth_1
# Command line: vivado.exe -log top_hex_display_mux.vds -product Vivado -mode batch -messageDb vivado.pb -notrace -source top_hex_display_mux.tcl
# Log file: C:/Users/john_westbrook1/OneDrive - Baylor University/Engineering/System on Chip/Vivado/ClassReport1/ClassReport1.runs/synth_1/top_hex_display_mux.vds
# Journal file: C:/Users/john_westbrook1/OneDrive - Baylor University/Engineering/System on Chip/Vivado/ClassReport1/ClassReport1.runs/synth_1\vivado.jou
# Running On: ROG-115-04, OS: Windows, CPU Frequency: 2112 MHz, CPU Physical cores: 12, Host memory: 34033 MB
#-----------------------------------------------------------
source top_hex_display_mux.tcl -notrace
